[     503ms] [LOG] [Client Instrumentation Hook] Slow execution detected: 19ms (Note: Code download overhead is not included in this measurement) @ http://localhost:3011/_next/static/chunks/node_modules_next_dist_00y7o2o._.js:692
[     513ms] [INFO] %cDownload the React DevTools for a better development experience: https://react.dev/link/react-devtools font-weight:bold @ http://localhost:3011/_next/static/chunks/node_modules_next_dist_00y7o2o._.js:905
[     568ms] [LOG] [HMR] connected @ http://localhost:3011/_next/static/chunks/node_modules_next_dist_00y7o2o._.js:905
[  127953ms] [LOG] [Fast Refresh] rebuilding @ http://localhost:3011/_next/static/chunks/node_modules_next_dist_00y7o2o._.js:905
[  128012ms] [LOG] [Fast Refresh] done in 181ms @ http://localhost:3011/_next/static/chunks/node_modules_next_dist_00y7o2o._.js:905
[  322890ms] [LOG] [Fast Refresh] rebuilding @ http://localhost:3011/_next/static/chunks/node_modules_next_dist_00y7o2o._.js:905
[  330743ms] [LOG] [Fast Refresh] done in 7660ms @ http://localhost:3011/_next/static/chunks/node_modules_next_dist_00y7o2o._.js:905
[  346053ms] [LOG] [Fast Refresh] rebuilding @ http://localhost:3011/_next/static/chunks/node_modules_next_dist_00y7o2o._.js:905
[  347878ms] [LOG] [Fast Refresh] done in 1690ms @ http://localhost:3011/_next/static/chunks/node_modules_next_dist_00y7o2o._.js:905
[  584412ms] [LOG] [Fast Refresh] rebuilding @ http://localhost:3011/_next/static/chunks/node_modules_next_dist_00y7o2o._.js:905
[  586879ms] [LOG] [Fast Refresh] done in 2339ms @ http://localhost:3011/_next/static/chunks/node_modules_next_dist_00y7o2o._.js:905
[  604852ms] [ERROR] WebSocket connection to 'ws://localhost:3011/_next/hmr?id=-NKaAm2Gu7pcdT28DE5hK' failed: Error in connection establishment: net::ERR_CONNECTION_REFUSED @ http://localhost:3011/_next/static/chunks/node_modules_next_dist_client_1ul1fzc._.js:16402
[  605867ms] [ERROR] WebSocket connection to 'ws://localhost:3011/_next/hmr?id=-NKaAm2Gu7pcdT28DE5hK' failed: Error in connection establishment: net::ERR_CONNECTION_REFUSED @ http://localhost:3011/_next/static/chunks/node_modules_next_dist_client_1ul1fzc._.js:16402
[  606884ms] [ERROR] WebSocket connection to 'ws://localhost:3011/_next/hmr?id=-NKaAm2Gu7pcdT28DE5hK' failed: Error in connection establishment: net::ERR_CONNECTION_REFUSED @ http://localhost:3011/_next/static/chunks/node_modules_next_dist_client_1ul1fzc._.js:16402
[  607896ms] [ERROR] WebSocket connection to 'ws://localhost:3011/_next/hmr?id=-NKaAm2Gu7pcdT28DE5hK' failed: Error in connection establishment: net::ERR_CONNECTION_REFUSED @ http://localhost:3011/_next/static/chunks/node_modules_next_dist_client_1ul1fzc._.js:16402
[  608913ms] [ERROR] WebSocket connection to 'ws://localhost:3011/_next/hmr?id=-NKaAm2Gu7pcdT28DE5hK' failed: Error in connection establishment: net::ERR_CONNECTION_REFUSED @ http://localhost:3011/_next/static/chunks/node_modules_next_dist_client_1ul1fzc._.js:16402
[  613941ms] [ERROR] WebSocket connection to 'ws://localhost:3011/_next/hmr?id=-NKaAm2Gu7pcdT28DE5hK' failed: Error in connection establishment: net::ERR_CONNECTION_REFUSED @ http://localhost:3011/_next/static/chunks/node_modules_next_dist_client_1ul1fzc._.js:16402
[  618966ms] [ERROR] WebSocket connection to 'ws://localhost:3011/_next/hmr?id=-NKaAm2Gu7pcdT28DE5hK' failed: Error in connection establishment: net::ERR_CONNECTION_REFUSED @ http://localhost:3011/_next/static/chunks/node_modules_next_dist_client_1ul1fzc._.js:16402
[  623992ms] [ERROR] WebSocket connection to 'ws://localhost:3011/_next/hmr?id=-NKaAm2Gu7pcdT28DE5hK' failed: Error in connection establishment: net::ERR_CONNECTION_REFUSED @ http://localhost:3011/_next/static/chunks/node_modules_next_dist_client_1ul1fzc._.js:16402
[  629021ms] [ERROR] WebSocket connection to 'ws://localhost:3011/_next/hmr?id=-NKaAm2Gu7pcdT28DE5hK' failed: Error in connection establishment: net::ERR_CONNECTION_REFUSED @ http://localhost:3011/_next/static/chunks/node_modules_next_dist_client_1ul1fzc._.js:16402
[  634048ms] [ERROR] WebSocket connection to 'ws://localhost:3011/_next/hmr?id=-NKaAm2Gu7pcdT28DE5hK' failed: Error in connection establishment: net::ERR_CONNECTION_REFUSED @ http://localhost:3011/_next/static/chunks/node_modules_next_dist_client_1ul1fzc._.js:16402
[  639153ms] [ERROR] WebSocket connection to 'ws://localhost:3011/_next/hmr?id=-NKaAm2Gu7pcdT28DE5hK' failed: Error in connection establishment: net::ERR_CONNECTION_REFUSED @ http://localhost:3011/_next/static/chunks/node_modules_next_dist_client_1ul1fzc._.js:16402
[  644302ms] [ERROR] WebSocket connection to 'ws://localhost:3011/_next/hmr?id=-NKaAm2Gu7pcdT28DE5hK' failed: Error in connection establishment: net::ERR_CONNECTION_REFUSED @ http://localhost:3011/_next/static/chunks/node_modules_next_dist_client_1ul1fzc._.js:16402
